esptool v5.3.1
Serial port /dev/ttyACM0:
Connecting...
Connected to ESP32-P4 on /dev/ttyACM0:
Chip type:          ESP32-P4 (revision v3.2)
Features:           Dual Core + LP Core, 400MHz
Crystal frequency:  40MHz
USB mode:           USB-Serial/JTAG
MAC:                e8:f6:0a:e3:a9:17

Uploading stub flasher...
Running stub flasher...
Stub flasher running.
Changing baud rate to 921600...
Changed.

Configuring flash size...
Flash will be erased from 0x00002000 to 0x00038fff...
Compressed 222640 bytes to 89858...
Writing at 0x00002000 [                              ]   0.0% 0/89858 bytes...
Writing at 0x00010f7d [====>                         ]  18.2% 16384/89858 bytes...
Writing at 0x00023d8c [=========>                    ]  36.5% 32768/89858 bytes...
Writing at 0x000297de [===============>              ]  54.7% 49152/89858 bytes...
Writing at 0x0002f687 [====================>         ]  72.9% 65536/89858 bytes...
Writing at 0x00035962 [==========================>   ]  91.2% 81920/89858 bytes...
Writing at 0x000385b0 [==============================] 100.0% 89858/89858 bytes...
Wrote 222640 bytes (89858 compressed) at 0x00002000 in 2.0 seconds (904.1 kbit/s).
Verifying written data...
Hash of data verified.

Hard resetting via RTS pin...
