picocom v3.1

port is        : /dev/ttyACM0
flowcontrol    : none
baudrate is    : 115200
parity is      : none
databits are   : 8
stopbits are   : 1
escape is      : C-a
local echo is  : no
noinit is      : no
noreset is     : yes
hangup is      : no
nolock is      : no
send_cmd is    : sz -vv
receive_cmd is : rz -vv -E
imap is        :
omap is        :
emap is        : crcrlf,delbs,
logfile is     : none
initstring     : none
exit_after is  : not set
exit is        : no

!! STDIN is not a TTY !! Continue anyway...
Type [C-a] [C-h] to see available commands
Terminal ready

nsh> i2c
Usage: i2c <cmd> [arguments]
Where <cmd> is one of:

  Show help     : ?
  List buses    : bus
  List devices  : dev [OPTIONS] <first> <last>
  Read register : get [OPTIONS] [<repetitions>]
  Dump register : dump [OPTIONS] [<num bytes>]
  Show help     : help
  Write register: set [OPTIONS] <value> [<repetitions>]
  Verify access : verf [OPTIONS] [<value>] [<repetitions>]

Where common "sticky" OPTIONS include:
  [-a addr] is the I2C device address (hex).  Default: 03 Current: 03
  [-b bus] is the I2C bus number (decimal).  Default: 1 Current: 1
  [-w width] is the data width (8 or 16 decimal).  Default: 8 Current: 8
  [-s|n], send/don't send start between command and data.  Default: -n Current: -n
  [-i|j], Auto increment|don't increment regaddr on repetitions.  Default: NO Current: NO
  [-f freq] I2C frequency.  Default: 100000 Current: 100000

Special non-sticky options:
  [-r regaddr] is the I2C device register index (hex).  Default: not used/sent
  [-z] instructs the 'dev' command to scan the I2C bus by sending zero-byte write headers (if the architecture supports it)

NOTES:
o An environment variable like $PATH may be used for any argument.
o Arguments are "sticky". For example, once the I2C address is
  specified, that address will be re-used until it is changed.

WARNING:
o The I2C dev command may have bad side effects on your I2C devices.
  Use only at your own risk.
nsh> i2c help
Usage: i2c <cmd> [arguments]
Where <cmd> is one of:

  Show help     : ?
  List buses    : bus
  List devices  : dev [OPTIONS] <first> <last>
  Read register : get [OPTIONS] [<repetitions>]
  Dump register : dump [OPTIONS] [<num bytes>]
  Show help     : help
  Write register: set [OPTIONS] <value> [<repetitions>]
  Verify access : verf [OPTIONS] [<value>] [<repetitions>]

Where common "sticky" OPTIONS include:
  [-a addr] is the I2C device address (hex).  Default: 03 Current: 03
  [-b bus] is the I2C bus number (decimal).  Default: 1 Current: 1
  [-w width] is the data width (8 or 16 decimal).  Default: 8 Current: 8
  [-s|n], send/don't send start between command and data.  Default: -n Current: -n
  [-i|j], Auto increment|don't increment regaddr on repetitions.  Default: NO Current: NO
  [-f freq] I2C frequency.  Default: 100000 Current: 100000

Special non-sticky options:
  [-r regaddr] is the I2C device register index (hex).  Default: not used/sent
  [-z] instructs the 'dev' command to scan the I2C bus by sending zero-byte write headers (if the architecture supports it)

NOTES:
o An environment variable like $PATH may be used for any argument.
o Arguments are "sticky". For example, once the I2C address is
  specified, that address will be re-used until it is changed.

WARNING:
o The I2C dev command may have bad side effects on your I2C devices.
  Use only at your own risk.
nsh> i2c dev
i2ctool: dev: missing required argument(s)
nsh> i2c scan
i2ctool: scan: command not found
nsh>
** read zero bytes from stdin **

Terminating...
Skipping tty reset...
Thanks for using picocom
