esptool v5.3.1
Serial port /dev/ttyACM0:
Connecting...
Connected to ESP32-P4 on /dev/ttyACM0:
Chip type:          ESP32-P4 (revision v3.2)
Features:           Dual Core + LP Core, 400MHz
Crystal frequency:  40MHz
USB mode:           USB-Serial/JTAG
MAC:                [REDACTED_MAC]

Uploading stub flasher...
Running stub flasher...
Stub flasher running.
Changing baud rate to 921600...
Changed.

Configuring flash size...
Flash will be erased from 0x00002000 to 0x0003bfff...
Compressed 235388 bytes to 101437...

Writing at 0x00002000 [                              ]   0.0% 0/101437 bytes...

Writing at 0x000107d4 [===>                          ]  16.2% 16384/101437 bytes...

Writing at 0x000227e3 [========>                     ]  32.3% 32768/101437 bytes...

Writing at 0x0002864e [=============>                ]  48.5% 49152/101437 bytes...

Writing at 0x0002e42e [==================>           ]  64.6% 65536/101437 bytes...

Writing at 0x000345d5 [=======================>      ]  80.8% 81920/101437 bytes...

Writing at 0x0003a50b [============================> ]  96.9% 98304/101437 bytes...

Writing at 0x0003b77c [==============================] 100.0% 101437/101437 bytes...
Wrote 235388 bytes (101437 compressed) at 0x00002000 in 2.2 seconds (849.3 kbit/s).
Verifying written data...
Hash of data verified.

Hard resetting via RTS pin...
